fsm_data.c:50:16:process_state	16	static
fsm_data.c:56:6:FsmDataValidateTs	16	static
fsm_data.c:73:6:FsmDataCreate	48	static
fsm_data.c:169:6:FsmDataCalcCelestial	184	static
fsm_data.c:200:6:FsmDataSetBacklight	16	static
fsm_data.c:239:6:FsmDataButtonsUpdateState	16	static
fsm_data.c:251:16:FsmData_Do_MODE_A1_1	16	static
fsm_data.c:302:16:FsmData_Do_MODE_A1_2	16	static
fsm_data.c:327:16:FsmData_Do_MODE_A1_3	16	static
fsm_data.c:351:16:FsmData_Do_MODE_S1_1	24	static
fsm_data.c:401:16:FsmData_Do_MODE_S1_2	24	static
fsm_data.c:451:16:FsmData_Do_MODE_P1_1	40	static
fsm_data.c:485:16:FsmData_Do_MODE_P1_2	40	static
fsm_data.c:516:16:FsmData_Do_MODE_P1_3	48	static
fsm_data.c:558:16:FsmData_Do_MODE_EDIT_TIME_1	16	static
fsm_data.c:612:16:FsmData_Do_MODE_EDIT_TIME_2	16	static
fsm_data.c:653:16:FsmData_Do_MODE_EDIT_AGING	16	static
fsm_data.c:695:16:FsmData_Do_MODE_EDIT_LATITUDE	24	static
fsm_data.c:757:16:FsmData_Do_MODE_EDIT_LONGITUDE	24	static
fsm_data.c:819:16:FsmData_Do_MODE_EDIT_TIMEZONE	24	static
fsm_data.c:869:16:FsmData_Do_MODE_EDIT_P_CORRECTION	24	static
fsm_data.c:929:16:FsmData_Do_MODE_EDIT_DATE	16	static
fsm_data.c:979:6:FsmDataProcess	16	static
