rtc_ds3221.c:21:6:Rtc_DS3231_init	16	static
rtc_ds3221.c:26:6:Rtc_DS3231_set	48	static
rtc_ds3221.c:52:6:Rtc_DS3231_get	40	static
rtc_ds3221.c:93:6:Rtc_DS3231_set_addr	16	static
rtc_ds3221.c:101:9:Rtc_DS3231_get_addr	24	static
rtc_ds3221.c:117:6:Rtc_DS3231_set_creg	16	static
rtc_ds3221.c:132:6:Rtc_DS3231_set_sreg	16	static
rtc_ds3221.c:137:9:Rtc_DS3231_get_sreg	16	static
rtc_ds3221.c:146:6:Rtc_DS3231_set_aging	24	static
rtc_ds3221.c:158:8:Rtc_DS3231_get_aging	16	static
rtc_ds3221.c:175:7:Rtc_DS3231_get_treg	24	static
rtc_ds3221.c:203:6:Rtc_DS3231_set_a1	32	static
rtc_ds3221.c:225:6:Rtc_DS3231_get_a1	16	static
rtc_ds3221.c:256:6:Rtc_DS3231_clear_a1f	16	static
rtc_ds3221.c:264:9:Rtc_DS3231_triggered_a1	8	static
rtc_ds3221.c:270:6:Rtc_DS3231_set_a2	24	static
rtc_ds3221.c:291:6:Rtc_DS3231_get_a2	16	static
rtc_ds3221.c:319:6:Rtc_DS3231_clear_a2f	16	static
rtc_ds3221.c:327:9:Rtc_DS3231_triggered_a2	8	static
rtc_ds3221.c:332:15:GetTimestampFromTm	32	static
rtc_ds3221.c:359:9:dectobcd	16	static
rtc_ds3221.c:364:9:bcdtodec	16	static
rtc_ds3221.c:369:9:inp2toi	24	static
